// Vitest Snapshot v1, https://vitest.dev/guide/snapshot.html

exports[`transformCode > should transform code 1`] = `
"/* unplugin-vue-components disabled */import __unplugin_directives_0 from 'test/directive/Loading';
import __unplugin_components_0 from 'test/component/TestComp';
    const render = (_ctx, _cache) => {
      const _component_el_infinite_scroll = _resolveComponent("el-infinite-scroll")
      const _directive_el_infinite_scroll = _resolveDirective("el-infinite-scroll")

      return _withDirectives(
        (_openBlock(),
        _createBlock(_component_test_comp, null, null, 512 /* NEED_PATCH */)),
        [[_directive_loading, 123]]
      )
    }"
`;
